
<!DOCTYPE html>
<html lang="en">
<head>
    <title>My amazing blog!</title>
    <meta charset="UTF-8"/>
    <meta name="description" content="Wow, like and subscribe, it really helps the channel guys" lang="en"/>
</head>
<body>
<nav role="navigation">
    <div>
        <h1>Budding Gopher's blog</h1>
        <ul>
            <li><a href="/">home</a></li>
            <li><a href="about">about</a></li>
            <li><a href="archive">archive</a></li>
        </ul>
    </div>
</nav>
<main>

<h1>title</h1>

<p>desc</p>

&lt;h1&gt;header&lt;/h1&gt;

&lt;p&gt;&lt;strong&gt;bold word&lt;/strong&gt;
&lt;a href=&#34;https://www.google.com&#34;&gt;google&lt;/a&gt;&lt;/p&gt;


Tags: <ul><li>t1</li><li>t2</li></ul>

</main>
<footer>
    <ul>
        <li><a href="https://twitter.com/davidnduarte">Twitter</a></li>
        <li><a href="https://github.com/davidandradeduarte">GitHub</a></li>
    </ul>
</footer>
</body>
</html>
